// Jest Snapshot v1, https://goo.gl/fbAQLP

exports[`App wrapper component App renders correctly 1`] = `
"<div className=\\"App\\">
  <div>
    <Connect(Root) />
  </div>
</div>"
`;
