// Jest Snapshot v1, https://goo.gl/fbAQLP

exports[`Header component component renders correctly 1`] = `
"<div>
  <h4 id=\\"app-title\\">
    Unalbumer
  </h4>
  <hr />
</div>"
`;
